---
source: tests/report_snapshots.rs
expression: JsonFormatter.format(&report)
---
{
  "function": "increment",
  "wasm_hash": "abc123def456",
  "cpu_instructions": 532502,
  "memory_bytes": 0,
  "tx_size": 156,
  "read_entries": 1,
  "write_entries": 1,
  "read_bytes": 0,
  "write_bytes": 136,
  "fee": {
    "non_refundable_stroops": 4496,
    "refundable_stroops": 10931,
    "cpu_fee_stroops": 372,
    "storage_fee_stroops": 4063,
    "bandwidth_fee_stroops": 61,
    "total_stroops": 15427,
    "total_xlm": "0.0015427"
  },
  "ledger": 3894195,
  "network": "testnet",
  "rpc_latency_ms": 87
}
