---
source: tests/report_snapshots.rs
expression: MarkdownFormatter.format(&empty)
---
## Cost Report: `(wasm upload)`

- **Network:** mainnet (ledger 0)
- **WASM hash:** `0000000000000000`

### Resources

| Resource | Consumed |
| --- | --- |
| CPU Instructions | 0 |
| Memory Bytes | 0 |
| Read Entries | 0 |
| Write Entries | 0 |
| Read Bytes | 0 |
| Write Bytes | 0 |
| Transaction Size | 0 |

### Fee Breakdown

| Component | Stroops | % of Total |
| --- | --- | --- |
| Non-refundable | 0 | 0.0% |
| Refundable | 0 | 0.0% |
| CPU | 0 | 0.0% |
| Storage | 0 | 0.0% |
| Bandwidth | 0 | 0.0% |
| **Total** | **0** (0.0000000) | **100.0%** |
